Queries:
Insert some raw data and do the following queries using mysql transaction statement:


mysql> select balance from accounts for update;
+---------+
| balance |
+---------+
|    1200 |
|    1500 |
|    1800 |
|    1500 |
+---------+
4 rows in set (0.00 sec)


i) userA is depositing 1000 Rs. his account

mysql> 	START TRANSACTION;
	UPDATE accounts SET balance = balance + 1000 
	WHERE account_no = (SELECT account_no FROM users WHERE name = 'usera');
	COMMIT;


ii) userA is withdrawing 500 Rs.

mysql> 	START TRANSACTION;
	UPDATE accounts SET balance = balance - 500 
	WHERE account_no = (SELECT account_no FROM users WHERE name = 'usera')
    	COMMIT;


iii) userA is transferring 200 Rs to userB's account

mysql> 	START TRANSACTION;
	UPDATE accounts SET balance = balance - 200 
   	WHERE account_no = (SELECT account_no FROM users WHERE name = 'usera');
	UPDATE accounts SET balance = balance + 200 
	WHERE account_no = (SELECT account_no FROM users WHERE name = 'userb');
	COMMIT;

// if an error occurs;
mysql> START TRANSACTION;
Query OK, 0 rows affected (0.00 sec)

mysql> UPDATE accounts SET balance = balance - 200 
    -> WHERE account_no = (SELECT account_no FROM users WHERE name = 'usera');
Query OK, 1 row affected (0.02 sec)
Rows matched: 1  Changed: 1  Warnings: 0

mysql> UPDATE accounts SET balanc = balance + 200 
    -> WHERE account_no = (SELECT account_no FROM users WHERE name = 'userb');
ERROR 1054 (42S22): Unknown column 'balanc' in 'field list'
mysql> ROLLBACK;
Query OK, 0 rows affected (0.05 sec)




